hwif_in.isp_config.bayer_pattern_cfg.rg_bayer_pattern.next[1:0]
hwif_out.isp_config.isp_enable_cfg.rg_isp_enable.value[15:0]
hwif_out.isp_config.dpc_thres_cfg.rg_dpc_thres.value[15:0]
hwif_out.isp_config.dpc_clip_cfg.rg_dpc_clip.value[15:0]
hwif_out.isp_config.blc_bias_0_cfg.rg_blc_bias_0.value[15:0]
hwif_out.isp_config.blc_bias_1_cfg.rg_blc_bias_1.value[15:0]
hwif_out.isp_config.blc_bias_2_cfg.rg_blc_bias_2.value[15:0]
hwif_out.isp_config.blc_bias_3_cfg.rg_blc_bias_3.value[15:0]
hwif_out.isp_config.blc_clip_cfg.rg_blc_clip.value[15:0]
hwif_out.isp_config.awb_gain_0_cfg.rg_awb_gain_0.value[15:0]
hwif_out.isp_config.awb_gain_1_cfg.rg_awb_gain_1.value[15:0]
hwif_out.isp_config.awb_gain_2_cfg.rg_awb_gain_2.value[15:0]
hwif_out.isp_config.awb_gain_3_cfg.rg_awb_gain_3.value[15:0]
hwif_out.isp_config.awb_clip_cfg.rg_awb_clip.value[15:0]
hwif_out.isp_config.cnf_gain_0_cfg.rg_cnf_gain_0.value[15:0]
hwif_out.isp_config.cnf_gain_1_cfg.rg_cnf_gain_1.value[15:0]
hwif_out.isp_config.cnf_gain_2_cfg.rg_cnf_gain_2.value[15:0]
hwif_out.isp_config.cnf_gain_3_cfg.rg_cnf_gain_3.value[15:0]
hwif_out.isp_config.cnf_clip_cfg.rg_cnf_clip.value[15:0]
hwif_out.isp_config.cnf_thres_cfg.rg_cnf_thres.value[15:0]
